---
"./spec/errors/resolution/copying_fieldset_into_field.spec.rb[1:1:1]": "In line 4
  a fieldset is copied into a field.\n\n   Line | Content\n   ...\n      2 | entry
  = value\n      3 | \n >    4 | copy < original\n      5 | | appendix\n"
"./spec/errors/resolution/copying_fieldset_into_field.spec.rb[1:1:2]":
- - 3
  - 0
- - 3
  - 15
